// Jest Snapshot v1, https://goo.gl/fbAQLP

exports[`<Input/> render correctly Input component 1`] = `
<Fragment>
  <input
    className="Input"
  />
</Fragment>
`;
